[2022-04-27T16:36:03.685+0200][gc,heap] Heap region size: 1M
[2022-04-27T16:36:03.701+0200][gc     ] Using G1
[2022-04-27T16:36:03.701+0200][gc,heap,coops] Heap address: 0x00000000c0000000, size: 1024 MB, Compressed Oops mode: 32-bit
[2022-04-27T16:36:03.701+0200][gc,cds       ] Mark closed archive regions in map: [0x00000000ffe00000, 0x00000000ffe6aff8]
[2022-04-27T16:36:03.701+0200][gc,cds       ] Mark open archive regions in map: [0x00000000ffc00000, 0x00000000ffc46ff8]
[2022-04-27T16:36:04.832+0200][gc,start     ] GC(0) Pause Young (Normal) (G1 Evacuation Pause)
[2022-04-27T16:36:04.834+0200][gc,task      ] GC(0) Using 13 workers of 13 for evacuation
[2022-04-27T16:36:04.846+0200][gc,phases    ] GC(0)   Pre Evacuate Collection Set: 0,0ms
[2022-04-27T16:36:04.846+0200][gc,phases    ] GC(0)   Evacuate Collection Set: 10,7ms
[2022-04-27T16:36:04.846+0200][gc,phases    ] GC(0)   Post Evacuate Collection Set: 0,9ms
[2022-04-27T16:36:04.846+0200][gc,phases    ] GC(0)   Other: 2,7ms
[2022-04-27T16:36:04.846+0200][gc,heap      ] GC(0) Eden regions: 51->0(44)
[2022-04-27T16:36:04.846+0200][gc,heap      ] GC(0) Survivor regions: 0->7(7)
[2022-04-27T16:36:04.846+0200][gc,heap      ] GC(0) Old regions: 2->2
[2022-04-27T16:36:04.846+0200][gc,heap      ] GC(0) Humongous regions: 0->0
[2022-04-27T16:36:04.846+0200][gc,metaspace ] GC(0) Metaspace: 14772K->14772K(1062912K)
[2022-04-27T16:36:04.846+0200][gc           ] GC(0) Pause Young (Normal) (G1 Evacuation Pause) 51M->7M(1024M) 14,519ms
[2022-04-27T16:36:04.846+0200][gc,cpu       ] GC(0) User=0,14s Sys=0,01s Real=0,01s
[2022-04-27T16:36:05.618+0200][gc,start     ] GC(1) Pause Young (Concurrent Start) (Metadata GC Threshold)
[2022-04-27T16:36:05.618+0200][gc,task      ] GC(1) Using 13 workers of 13 for evacuation
[2022-04-27T16:36:05.630+0200][gc,phases    ] GC(1)   Pre Evacuate Collection Set: 0,1ms
[2022-04-27T16:36:05.630+0200][gc,phases    ] GC(1)   Evacuate Collection Set: 11,1ms
[2022-04-27T16:36:05.630+0200][gc,phases    ] GC(1)   Post Evacuate Collection Set: 0,5ms
[2022-04-27T16:36:05.630+0200][gc,phases    ] GC(1)   Other: 0,4ms
[2022-04-27T16:36:05.630+0200][gc,heap      ] GC(1) Eden regions: 24->0(49)
[2022-04-27T16:36:05.630+0200][gc,heap      ] GC(1) Survivor regions: 7->2(7)
[2022-04-27T16:36:05.630+0200][gc,heap      ] GC(1) Old regions: 2->9
[2022-04-27T16:36:05.630+0200][gc,heap      ] GC(1) Humongous regions: 0->0
[2022-04-27T16:36:05.630+0200][gc,metaspace ] GC(1) Metaspace: 20559K->20559K(1067008K)
[2022-04-27T16:36:05.630+0200][gc           ] GC(1) Pause Young (Concurrent Start) (Metadata GC Threshold) 30M->8M(1024M) 12,222ms
[2022-04-27T16:36:05.631+0200][gc,cpu       ] GC(1) User=0,06s Sys=0,02s Real=0,01s
[2022-04-27T16:36:05.631+0200][gc           ] GC(2) Concurrent Cycle
[2022-04-27T16:36:05.631+0200][gc,marking   ] GC(2) Concurrent Clear Claimed Marks
[2022-04-27T16:36:05.631+0200][gc,marking   ] GC(2) Concurrent Clear Claimed Marks 0,024ms
[2022-04-27T16:36:05.631+0200][gc,marking   ] GC(2) Concurrent Scan Root Regions
[2022-04-27T16:36:05.632+0200][gc,marking   ] GC(2) Concurrent Scan Root Regions 0,979ms
[2022-04-27T16:36:05.632+0200][gc,marking   ] GC(2) Concurrent Mark (1,954s)
[2022-04-27T16:36:05.632+0200][gc,marking   ] GC(2) Concurrent Mark From Roots
[2022-04-27T16:36:05.632+0200][gc,task      ] GC(2) Using 3 workers of 3 for marking
[2022-04-27T16:36:05.636+0200][gc,marking   ] GC(2) Concurrent Mark From Roots 4,799ms
[2022-04-27T16:36:05.637+0200][gc,marking   ] GC(2) Concurrent Preclean
[2022-04-27T16:36:05.637+0200][gc,marking   ] GC(2) Concurrent Preclean 0,326ms
[2022-04-27T16:36:05.637+0200][gc,marking   ] GC(2) Concurrent Mark (1,954s, 1,959s) 5,200ms
[2022-04-27T16:36:05.637+0200][gc,start     ] GC(2) Pause Remark
[2022-04-27T16:36:05.639+0200][gc,stringtable] GC(2) Cleaned string and symbol table, strings: 5240 processed, 0 removed, symbols: 50667 processed, 44 removed
[2022-04-27T16:36:05.639+0200][gc            ] GC(2) Pause Remark 9M->9M(1024M) 1,915ms
[2022-04-27T16:36:05.639+0200][gc,cpu        ] GC(2) User=0,01s Sys=0,00s Real=0,00s
[2022-04-27T16:36:05.639+0200][gc,marking    ] GC(2) Concurrent Rebuild Remembered Sets
[2022-04-27T16:36:05.642+0200][gc,marking    ] GC(2) Concurrent Rebuild Remembered Sets 2,840ms
[2022-04-27T16:36:05.642+0200][gc,start      ] GC(2) Pause Cleanup
[2022-04-27T16:36:05.642+0200][gc            ] GC(2) Pause Cleanup 9M->9M(1024M) 0,293ms
[2022-04-27T16:36:05.642+0200][gc,cpu        ] GC(2) User=0,00s Sys=0,00s Real=0,00s
[2022-04-27T16:36:05.642+0200][gc,marking    ] GC(2) Concurrent Cleanup for Next Mark
[2022-04-27T16:36:05.646+0200][gc,marking    ] GC(2) Concurrent Cleanup for Next Mark 3,339ms
[2022-04-27T16:36:05.646+0200][gc            ] GC(2) Concurrent Cycle 15,254ms
[2022-04-27T16:36:06.481+0200][gc,start      ] GC(3) Pause Young (Normal) (G1 Evacuation Pause)
[2022-04-27T16:36:06.481+0200][gc,task       ] GC(3) Using 13 workers of 13 for evacuation
[2022-04-27T16:36:06.484+0200][gc,phases     ] GC(3)   Pre Evacuate Collection Set: 0,0ms
[2022-04-27T16:36:06.484+0200][gc,phases     ] GC(3)   Evacuate Collection Set: 2,3ms
[2022-04-27T16:36:06.484+0200][gc,phases     ] GC(3)   Post Evacuate Collection Set: 0,5ms
[2022-04-27T16:36:06.484+0200][gc,phases     ] GC(3)   Other: 0,2ms
[2022-04-27T16:36:06.484+0200][gc,heap       ] GC(3) Eden regions: 49->0(46)
[2022-04-27T16:36:06.484+0200][gc,heap       ] GC(3) Survivor regions: 2->5(7)
[2022-04-27T16:36:06.484+0200][gc,heap       ] GC(3) Old regions: 9->9
[2022-04-27T16:36:06.484+0200][gc,heap       ] GC(3) Humongous regions: 129->129
[2022-04-27T16:36:06.484+0200][gc,metaspace  ] GC(3) Metaspace: 29219K->29219K(1075200K)
[2022-04-27T16:36:06.484+0200][gc            ] GC(3) Pause Young (Normal) (G1 Evacuation Pause) 186M->140M(1024M) 3,172ms
[2022-04-27T16:36:06.484+0200][gc,cpu        ] GC(3) User=0,03s Sys=0,00s Real=0,00s
[2022-04-27T16:36:06.893+0200][gc,start      ] GC(4) Pause Young (Concurrent Start) (Metadata GC Threshold)
[2022-04-27T16:36:06.893+0200][gc,task       ] GC(4) Using 13 workers of 13 for evacuation
[2022-04-27T16:36:06.899+0200][gc,phases     ] GC(4)   Pre Evacuate Collection Set: 0,1ms
[2022-04-27T16:36:06.899+0200][gc,phases     ] GC(4)   Evacuate Collection Set: 5,8ms
[2022-04-27T16:36:06.899+0200][gc,phases     ] GC(4)   Post Evacuate Collection Set: 0,5ms
[2022-04-27T16:36:06.899+0200][gc,phases     ] GC(4)   Other: 0,3ms
[2022-04-27T16:36:06.899+0200][gc,heap       ] GC(4) Eden regions: 27->0(45)
[2022-04-27T16:36:06.899+0200][gc,heap       ] GC(4) Survivor regions: 5->6(7)
[2022-04-27T16:36:06.899+0200][gc,heap       ] GC(4) Old regions: 9->10
[2022-04-27T16:36:06.899+0200][gc,heap       ] GC(4) Humongous regions: 129->129
[2022-04-27T16:36:06.899+0200][gc,metaspace  ] GC(4) Metaspace: 34467K->34467K(1081344K)
[2022-04-27T16:36:06.899+0200][gc            ] GC(4) Pause Young (Concurrent Start) (Metadata GC Threshold) 166M->142M(1024M) 6,787ms
[2022-04-27T16:36:06.899+0200][gc,cpu        ] GC(4) User=0,05s Sys=0,00s Real=0,00s
[2022-04-27T16:36:06.899+0200][gc            ] GC(5) Concurrent Cycle
[2022-04-27T16:36:06.899+0200][gc,marking    ] GC(5) Concurrent Clear Claimed Marks
[2022-04-27T16:36:06.899+0200][gc,marking    ] GC(5) Concurrent Clear Claimed Marks 0,037ms
[2022-04-27T16:36:06.899+0200][gc,marking    ] GC(5) Concurrent Scan Root Regions
[2022-04-27T16:36:06.901+0200][gc,marking    ] GC(5) Concurrent Scan Root Regions 1,795ms
[2022-04-27T16:36:06.901+0200][gc,marking    ] GC(5) Concurrent Mark (3,224s)
[2022-04-27T16:36:06.901+0200][gc,marking    ] GC(5) Concurrent Mark From Roots
[2022-04-27T16:36:06.901+0200][gc,task       ] GC(5) Using 3 workers of 3 for marking
[2022-04-27T16:36:06.908+0200][gc,marking    ] GC(5) Concurrent Mark From Roots 7,192ms
[2022-04-27T16:36:06.909+0200][gc,marking    ] GC(5) Concurrent Preclean
[2022-04-27T16:36:06.909+0200][gc,marking    ] GC(5) Concurrent Preclean 0,227ms
[2022-04-27T16:36:06.909+0200][gc,marking    ] GC(5) Concurrent Mark (3,224s, 3,231s) 7,475ms
[2022-04-27T16:36:06.909+0200][gc,start      ] GC(5) Pause Remark
[2022-04-27T16:36:06.910+0200][gc,stringtable] GC(5) Cleaned string and symbol table, strings: 10343 processed, 10 removed, symbols: 83057 processed, 16 removed
[2022-04-27T16:36:06.911+0200][gc            ] GC(5) Pause Remark 142M->142M(1024M) 1,889ms
[2022-04-27T16:36:06.911+0200][gc,cpu        ] GC(5) User=0,01s Sys=0,00s Real=0,00s
[2022-04-27T16:36:06.911+0200][gc,marking    ] GC(5) Concurrent Rebuild Remembered Sets
[2022-04-27T16:36:06.914+0200][gc,marking    ] GC(5) Concurrent Rebuild Remembered Sets 3,343ms
[2022-04-27T16:36:06.914+0200][gc,start      ] GC(5) Pause Cleanup
[2022-04-27T16:36:06.915+0200][gc            ] GC(5) Pause Cleanup 142M->142M(1024M) 0,249ms
[2022-04-27T16:36:06.915+0200][gc,cpu        ] GC(5) User=0,00s Sys=0,00s Real=0,00s
[2022-04-27T16:36:06.915+0200][gc,marking    ] GC(5) Concurrent Cleanup for Next Mark
[2022-04-27T16:36:06.919+0200][gc,marking    ] GC(5) Concurrent Cleanup for Next Mark 4,360ms
[2022-04-27T16:36:06.919+0200][gc            ] GC(5) Concurrent Cycle 19,692ms
[2022-04-27T16:42:46.841+0200][gc,start      ] GC(6) Pause Young (Normal) (G1 Evacuation Pause)
[2022-04-27T16:42:46.841+0200][gc,task       ] GC(6) Using 13 workers of 13 for evacuation
[2022-04-27T16:42:46.847+0200][gc,phases     ] GC(6)   Pre Evacuate Collection Set: 0,0ms
[2022-04-27T16:42:46.847+0200][gc,phases     ] GC(6)   Evacuate Collection Set: 4,2ms
[2022-04-27T16:42:46.847+0200][gc,phases     ] GC(6)   Post Evacuate Collection Set: 1,1ms
[2022-04-27T16:42:46.847+0200][gc,phases     ] GC(6)   Other: 0,4ms
[2022-04-27T16:42:46.847+0200][gc,heap       ] GC(6) Eden regions: 45->0(46)
[2022-04-27T16:42:46.847+0200][gc,heap       ] GC(6) Survivor regions: 6->5(7)
[2022-04-27T16:42:46.847+0200][gc,heap       ] GC(6) Old regions: 10->13
[2022-04-27T16:42:46.847+0200][gc,heap       ] GC(6) Humongous regions: 129->129
[2022-04-27T16:42:46.847+0200][gc,metaspace  ] GC(6) Metaspace: 41006K->41006K(1087488K)
[2022-04-27T16:42:46.847+0200][gc            ] GC(6) Pause Young (Normal) (G1 Evacuation Pause) 187M->144M(1024M) 5,861ms
[2022-04-27T16:42:46.847+0200][gc,cpu        ] GC(6) User=0,05s Sys=0,00s Real=0,00s
[2022-04-27T16:52:33.106+0200][gc,start      ] GC(7) Pause Young (Normal) (G1 Evacuation Pause)
[2022-04-27T16:52:33.106+0200][gc,task       ] GC(7) Using 13 workers of 13 for evacuation
[2022-04-27T16:52:33.112+0200][gc,phases     ] GC(7)   Pre Evacuate Collection Set: 0,0ms
[2022-04-27T16:52:33.112+0200][gc,phases     ] GC(7)   Evacuate Collection Set: 4,4ms
[2022-04-27T16:52:33.112+0200][gc,phases     ] GC(7)   Post Evacuate Collection Set: 1,1ms
[2022-04-27T16:52:33.112+0200][gc,phases     ] GC(7)   Other: 0,4ms
[2022-04-27T16:52:33.112+0200][gc,heap       ] GC(7) Eden regions: 46->0(45)
[2022-04-27T16:52:33.112+0200][gc,heap       ] GC(7) Survivor regions: 5->6(7)
[2022-04-27T16:52:33.112+0200][gc,heap       ] GC(7) Old regions: 13->15
[2022-04-27T16:52:33.112+0200][gc,heap       ] GC(7) Humongous regions: 129->129
[2022-04-27T16:52:33.112+0200][gc,metaspace  ] GC(7) Metaspace: 44099K->44099K(1089536K)
[2022-04-27T16:52:33.112+0200][gc            ] GC(7) Pause Young (Normal) (G1 Evacuation Pause) 190M->147M(1024M) 6,049ms
[2022-04-27T16:52:33.112+0200][gc,cpu        ] GC(7) User=0,06s Sys=0,00s Real=0,01s
[2022-04-27T17:04:20.260+0200][gc,start      ] GC(8) Pause Young (Normal) (G1 Evacuation Pause)
[2022-04-27T17:04:20.260+0200][gc,task       ] GC(8) Using 13 workers of 13 for evacuation
[2022-04-27T17:04:20.267+0200][gc,phases     ] GC(8)   Pre Evacuate Collection Set: 0,1ms
[2022-04-27T17:04:20.267+0200][gc,phases     ] GC(8)   Evacuate Collection Set: 5,5ms
[2022-04-27T17:04:20.267+0200][gc,phases     ] GC(8)   Post Evacuate Collection Set: 1,0ms
[2022-04-27T17:04:20.267+0200][gc,phases     ] GC(8)   Other: 0,4ms
[2022-04-27T17:04:20.267+0200][gc,heap       ] GC(8) Eden regions: 45->0(47)
[2022-04-27T17:04:20.267+0200][gc,heap       ] GC(8) Survivor regions: 6->4(7)
[2022-04-27T17:04:20.267+0200][gc,heap       ] GC(8) Old regions: 15->17
[2022-04-27T17:04:20.267+0200][gc,heap       ] GC(8) Humongous regions: 129->129
[2022-04-27T17:04:20.267+0200][gc,metaspace  ] GC(8) Metaspace: 44220K->44220K(1089536K)
[2022-04-27T17:04:20.267+0200][gc            ] GC(8) Pause Young (Normal) (G1 Evacuation Pause) 192M->147M(1024M) 7,237ms
[2022-04-27T17:04:20.267+0200][gc,cpu        ] GC(8) User=0,07s Sys=0,00s Real=0,00s
[2022-04-28T11:59:45.228+0200][gc,start      ] GC(9) Pause Young (Normal) (G1 Evacuation Pause)
[2022-04-28T11:59:45.228+0200][gc,task       ] GC(9) Using 13 workers of 13 for evacuation
[2022-04-28T11:59:45.231+0200][gc,phases     ] GC(9)   Pre Evacuate Collection Set: 0,0ms
[2022-04-28T11:59:45.231+0200][gc,phases     ] GC(9)   Evacuate Collection Set: 2,4ms
[2022-04-28T11:59:45.231+0200][gc,phases     ] GC(9)   Post Evacuate Collection Set: 0,7ms
[2022-04-28T11:59:45.232+0200][gc,phases     ] GC(9)   Other: 0,3ms
[2022-04-28T11:59:45.232+0200][gc,heap       ] GC(9) Eden regions: 47->0(49)
[2022-04-28T11:59:45.232+0200][gc,heap       ] GC(9) Survivor regions: 4->4(7)
[2022-04-28T11:59:45.232+0200][gc,heap       ] GC(9) Old regions: 17->17
[2022-04-28T11:59:45.232+0200][gc,heap       ] GC(9) Humongous regions: 129->129
[2022-04-28T11:59:45.232+0200][gc,metaspace  ] GC(9) Metaspace: 44689K->44689K(1089536K)
[2022-04-28T11:59:45.232+0200][gc            ] GC(9) Pause Young (Normal) (G1 Evacuation Pause) 194M->148M(1024M) 3,607ms
[2022-04-28T11:59:45.232+0200][gc,cpu        ] GC(9) User=0,03s Sys=0,00s Real=0,00s
[2022-04-28T12:14:10.726+0200][gc,start      ] GC(10) Pause Young (Normal) (G1 Evacuation Pause)
[2022-04-28T12:14:10.726+0200][gc,task       ] GC(10) Using 13 workers of 13 for evacuation
[2022-04-28T12:14:10.732+0200][gc,phases     ] GC(10)   Pre Evacuate Collection Set: 0,1ms
[2022-04-28T12:14:10.732+0200][gc,phases     ] GC(10)   Evacuate Collection Set: 4,7ms
[2022-04-28T12:14:10.732+0200][gc,phases     ] GC(10)   Post Evacuate Collection Set: 1,1ms
[2022-04-28T12:14:10.732+0200][gc,phases     ] GC(10)   Other: 0,4ms
[2022-04-28T12:14:10.733+0200][gc,heap       ] GC(10) Eden regions: 49->0(83)
[2022-04-28T12:14:10.733+0200][gc,heap       ] GC(10) Survivor regions: 4->3(7)
[2022-04-28T12:14:10.733+0200][gc,heap       ] GC(10) Old regions: 17->18
[2022-04-28T12:14:10.733+0200][gc,heap       ] GC(10) Humongous regions: 129->129
[2022-04-28T12:14:10.733+0200][gc,metaspace  ] GC(10) Metaspace: 44746K->44746K(1089536K)
[2022-04-28T12:14:10.733+0200][gc            ] GC(10) Pause Young (Normal) (G1 Evacuation Pause) 197M->148M(1024M) 6,489ms
[2022-04-28T12:14:10.733+0200][gc,cpu        ] GC(10) User=0,06s Sys=0,00s Real=0,01s
[2022-04-28T12:38:04.802+0200][gc,start      ] GC(11) Pause Young (Normal) (G1 Evacuation Pause)
[2022-04-28T12:38:04.802+0200][gc,task       ] GC(11) Using 13 workers of 13 for evacuation
[2022-04-28T12:38:04.809+0200][gc,phases     ] GC(11)   Pre Evacuate Collection Set: 0,0ms
[2022-04-28T12:38:04.809+0200][gc,phases     ] GC(11)   Evacuate Collection Set: 4,9ms
[2022-04-28T12:38:04.809+0200][gc,phases     ] GC(11)   Post Evacuate Collection Set: 1,1ms
[2022-04-28T12:38:04.809+0200][gc,phases     ] GC(11)   Other: 0,5ms
[2022-04-28T12:38:04.809+0200][gc,heap       ] GC(11) Eden regions: 83->0(95)
[2022-04-28T12:38:04.809+0200][gc,heap       ] GC(11) Survivor regions: 3->3(11)
[2022-04-28T12:38:04.809+0200][gc,heap       ] GC(11) Old regions: 18->18
[2022-04-28T12:38:04.809+0200][gc,heap       ] GC(11) Humongous regions: 129->129
[2022-04-28T12:38:04.809+0200][gc,metaspace  ] GC(11) Metaspace: 44851K->44851K(1089536K)
[2022-04-28T12:38:04.809+0200][gc            ] GC(11) Pause Young (Normal) (G1 Evacuation Pause) 231M->148M(1024M) 6,810ms
[2022-04-28T12:38:04.809+0200][gc,cpu        ] GC(11) User=0,06s Sys=0,01s Real=0,01s
[2022-04-28T13:05:40.228+0200][gc,start      ] GC(12) Pause Young (Normal) (G1 Evacuation Pause)
[2022-04-28T13:05:40.228+0200][gc,task       ] GC(12) Using 13 workers of 13 for evacuation
[2022-04-28T13:05:40.231+0200][gc,phases     ] GC(12)   Pre Evacuate Collection Set: 0,0ms
[2022-04-28T13:05:40.231+0200][gc,phases     ] GC(12)   Evacuate Collection Set: 2,4ms
[2022-04-28T13:05:40.231+0200][gc,phases     ] GC(12)   Post Evacuate Collection Set: 0,7ms
[2022-04-28T13:05:40.231+0200][gc,phases     ] GC(12)   Other: 0,3ms
[2022-04-28T13:05:40.231+0200][gc,heap       ] GC(12) Eden regions: 95->0(101)
[2022-04-28T13:05:40.231+0200][gc,heap       ] GC(12) Survivor regions: 3->4(13)
[2022-04-28T13:05:40.231+0200][gc,heap       ] GC(12) Old regions: 18->18
[2022-04-28T13:05:40.231+0200][gc,heap       ] GC(12) Humongous regions: 129->129
[2022-04-28T13:05:40.231+0200][gc,metaspace  ] GC(12) Metaspace: 44865K->44865K(1089536K)
[2022-04-28T13:05:40.231+0200][gc            ] GC(12) Pause Young (Normal) (G1 Evacuation Pause) 243M->149M(1024M) 3,665ms
[2022-04-28T13:05:40.231+0200][gc,cpu        ] GC(12) User=0,02s Sys=0,01s Real=0,00s
[2022-04-28T13:34:17.326+0200][gc,start      ] GC(13) Pause Young (Normal) (G1 Evacuation Pause)
[2022-04-28T13:34:17.326+0200][gc,task       ] GC(13) Using 13 workers of 13 for evacuation
[2022-04-28T13:34:17.330+0200][gc,phases     ] GC(13)   Pre Evacuate Collection Set: 0,0ms
[2022-04-28T13:34:17.330+0200][gc,phases     ] GC(13)   Evacuate Collection Set: 3,1ms
[2022-04-28T13:34:17.330+0200][gc,phases     ] GC(13)   Post Evacuate Collection Set: 1,0ms
[2022-04-28T13:34:17.330+0200][gc,phases     ] GC(13)   Other: 0,4ms
[2022-04-28T13:34:17.330+0200][gc,heap       ] GC(13) Eden regions: 101->0(130)
[2022-04-28T13:34:17.330+0200][gc,heap       ] GC(13) Survivor regions: 4->5(14)
[2022-04-28T13:34:17.330+0200][gc,heap       ] GC(13) Old regions: 18->18
[2022-04-28T13:34:17.330+0200][gc,heap       ] GC(13) Humongous regions: 129->129
[2022-04-28T13:34:17.330+0200][gc,metaspace  ] GC(13) Metaspace: 44885K->44885K(1089536K)
[2022-04-28T13:34:17.330+0200][gc            ] GC(13) Pause Young (Normal) (G1 Evacuation Pause) 250M->150M(1024M) 4,681ms
[2022-04-28T13:34:17.330+0200][gc,cpu        ] GC(13) User=0,03s Sys=0,01s Real=0,01s
[2022-04-28T14:12:25.228+0200][gc,start      ] GC(14) Pause Young (Normal) (G1 Evacuation Pause)
[2022-04-28T14:12:25.228+0200][gc,task       ] GC(14) Using 13 workers of 13 for evacuation
[2022-04-28T14:12:25.233+0200][gc,phases     ] GC(14)   Pre Evacuate Collection Set: 0,1ms
[2022-04-28T14:12:25.233+0200][gc,phases     ] GC(14)   Evacuate Collection Set: 3,9ms
[2022-04-28T14:12:25.233+0200][gc,phases     ] GC(14)   Post Evacuate Collection Set: 1,2ms
[2022-04-28T14:12:25.233+0200][gc,phases     ] GC(14)   Other: 0,5ms
[2022-04-28T14:12:25.234+0200][gc,heap       ] GC(14) Eden regions: 130->0(610)
[2022-04-28T14:12:25.234+0200][gc,heap       ] GC(14) Survivor regions: 5->4(17)
[2022-04-28T14:12:25.234+0200][gc,heap       ] GC(14) Old regions: 18->18
[2022-04-28T14:12:25.234+0200][gc,heap       ] GC(14) Humongous regions: 129->129
[2022-04-28T14:12:25.234+0200][gc,metaspace  ] GC(14) Metaspace: 44891K->44891K(1089536K)
[2022-04-28T14:12:25.234+0200][gc            ] GC(14) Pause Young (Normal) (G1 Evacuation Pause) 280M->149M(1024M) 5,733ms
[2022-04-28T14:12:25.234+0200][gc,cpu        ] GC(14) User=0,05s Sys=0,00s Real=0,00s
[2022-04-29T10:29:56.959+0200][gc,start      ] GC(15) Pause Young (Normal) (G1 Evacuation Pause)
[2022-04-29T10:29:56.959+0200][gc,task       ] GC(15) Using 13 workers of 13 for evacuation
[2022-04-29T10:29:56.967+0200][gc,phases     ] GC(15)   Pre Evacuate Collection Set: 0,1ms
[2022-04-29T10:29:56.967+0200][gc,phases     ] GC(15)   Evacuate Collection Set: 5,5ms
[2022-04-29T10:29:56.967+0200][gc,phases     ] GC(15)   Post Evacuate Collection Set: 1,6ms
[2022-04-29T10:29:56.967+0200][gc,phases     ] GC(15)   Other: 0,7ms
[2022-04-29T10:29:56.967+0200][gc,heap       ] GC(15) Eden regions: 610->0(609)
[2022-04-29T10:29:56.967+0200][gc,heap       ] GC(15) Survivor regions: 4->5(77)
[2022-04-29T10:29:56.967+0200][gc,heap       ] GC(15) Old regions: 18->18
[2022-04-29T10:29:56.967+0200][gc,heap       ] GC(15) Humongous regions: 129->129
[2022-04-29T10:29:56.967+0200][gc,metaspace  ] GC(15) Metaspace: 44968K->44968K(1089536K)
[2022-04-29T10:29:56.967+0200][gc            ] GC(15) Pause Young (Normal) (G1 Evacuation Pause) 759M->150M(1024M) 8,050ms
[2022-04-29T10:29:56.967+0200][gc,cpu        ] GC(15) User=0,06s Sys=0,02s Real=0,00s
[2022-04-29T14:35:53.712+0200][gc,start      ] GC(16) Pause Young (Normal) (G1 Evacuation Pause)
[2022-04-29T14:35:53.712+0200][gc,task       ] GC(16) Using 13 workers of 13 for evacuation
[2022-04-29T14:35:53.717+0200][gc,phases     ] GC(16)   Pre Evacuate Collection Set: 0,1ms
[2022-04-29T14:35:53.717+0200][gc,phases     ] GC(16)   Evacuate Collection Set: 3,0ms
[2022-04-29T14:35:53.717+0200][gc,phases     ] GC(16)   Post Evacuate Collection Set: 1,2ms
[2022-04-29T14:35:53.717+0200][gc,phases     ] GC(16)   Other: 0,3ms
[2022-04-29T14:35:53.717+0200][gc,heap       ] GC(16) Eden regions: 609->0(610)
[2022-04-29T14:35:53.717+0200][gc,heap       ] GC(16) Survivor regions: 5->4(77)
[2022-04-29T14:35:53.717+0200][gc,heap       ] GC(16) Old regions: 18->18
[2022-04-29T14:35:53.717+0200][gc,heap       ] GC(16) Humongous regions: 129->129
[2022-04-29T14:35:53.717+0200][gc,metaspace  ] GC(16) Metaspace: 45093K->45093K(1089536K)
[2022-04-29T14:35:53.717+0200][gc            ] GC(16) Pause Young (Normal) (G1 Evacuation Pause) 759M->149M(1024M) 4,690ms
[2022-04-29T14:35:53.717+0200][gc,cpu        ] GC(16) User=0,03s Sys=0,00s Real=0,00s
[2022-05-02T10:37:51.294+0200][gc,start      ] GC(17) Pause Young (Normal) (G1 Evacuation Pause)
[2022-05-02T10:37:51.459+0200][gc,task       ] GC(17) Using 13 workers of 13 for evacuation
[2022-05-02T10:37:51.463+0200][gc,phases     ] GC(17)   Pre Evacuate Collection Set: 0,1ms
[2022-05-02T10:37:51.463+0200][gc,phases     ] GC(17)   Evacuate Collection Set: 2,2ms
[2022-05-02T10:37:51.463+0200][gc,phases     ] GC(17)   Post Evacuate Collection Set: 1,5ms
[2022-05-02T10:37:51.463+0200][gc,phases     ] GC(17)   Other: 165,8ms
[2022-05-02T10:37:51.463+0200][gc,heap       ] GC(17) Eden regions: 610->0(609)
[2022-05-02T10:37:51.463+0200][gc,heap       ] GC(17) Survivor regions: 4->5(77)
[2022-05-02T10:37:51.463+0200][gc,heap       ] GC(17) Old regions: 18->18
[2022-05-02T10:37:51.463+0200][gc,heap       ] GC(17) Humongous regions: 129->129
[2022-05-02T10:37:51.463+0200][gc,metaspace  ] GC(17) Metaspace: 45145K->45145K(1089536K)
[2022-05-02T10:37:51.463+0200][gc            ] GC(17) Pause Young (Normal) (G1 Evacuation Pause) 759M->149M(1024M) 169,719ms
[2022-05-02T10:37:51.463+0200][gc,cpu        ] GC(17) User=0,02s Sys=0,01s Real=0,17s
[2022-05-02T10:49:27.756+0200][gc,heap,exit  ] Heap
[2022-05-02T10:49:27.756+0200][gc,heap,exit  ]  garbage-first heap   total 1048576K, used 207570K [0x00000000c0000000, 0x0000000100000000)
[2022-05-02T10:49:27.757+0200][gc,heap,exit  ]   region size 1024K, 59 young (60416K), 5 survivors (5120K)
[2022-05-02T10:49:27.757+0200][gc,heap,exit  ]  Metaspace       used 45850K, capacity 48942K, committed 49024K, reserved 1091584K
[2022-05-02T10:49:27.757+0200][gc,heap,exit  ]   class space    used 6014K, capacity 7500K, committed 7552K, reserved 1048576K
