[2022-04-27T16:12:31.833+0200][gc,heap] Heap region size: 1M
[2022-04-27T16:12:31.844+0200][gc     ] Using G1
[2022-04-27T16:12:31.844+0200][gc,heap,coops] Heap address: 0x00000000e0000000, size: 512 MB, Compressed Oops mode: 32-bit
[2022-04-27T16:12:31.844+0200][gc,cds       ] Mark closed archive regions in map: [0x00000000ffe00000, 0x00000000ffe6aff8]
[2022-04-27T16:12:31.844+0200][gc,cds       ] Mark open archive regions in map: [0x00000000ffc00000, 0x00000000ffc46ff8]
[2022-04-27T16:12:32.582+0200][gc,heap,exit ] Heap
[2022-04-27T16:12:32.582+0200][gc,heap,exit ]  garbage-first heap   total 524288K, used 24264K [0x00000000e0000000, 0x0000000100000000)
[2022-04-27T16:12:32.582+0200][gc,heap,exit ]   region size 1024K, 24 young (24576K), 0 survivors (0K)
[2022-04-27T16:12:32.582+0200][gc,heap,exit ]  Metaspace       used 7437K, capacity 7798K, committed 7936K, reserved 1056768K
[2022-04-27T16:12:32.582+0200][gc,heap,exit ]   class space    used 826K, capacity 925K, committed 1024K, reserved 1048576K
