[2022-04-27T16:35:07.057+0200][gc,heap] Heap region size: 1M
[2022-04-27T16:35:07.065+0200][gc     ] Using G1
[2022-04-27T16:35:07.065+0200][gc,heap,coops] Heap address: 0x00000000e0000000, size: 512 MB, Compressed Oops mode: 32-bit
[2022-04-27T16:35:07.066+0200][gc,cds       ] Mark closed archive regions in map: [0x00000000ffe00000, 0x00000000ffe6aff8]
[2022-04-27T16:35:07.066+0200][gc,cds       ] Mark open archive regions in map: [0x00000000ffc00000, 0x00000000ffc46ff8]
[2022-04-27T16:35:07.805+0200][gc,start     ] GC(0) Pause Young (Normal) (G1 Evacuation Pause)
[2022-04-27T16:35:07.808+0200][gc,task      ] GC(0) Using 12 workers of 13 for evacuation
[2022-04-27T16:35:07.819+0200][gc,phases    ] GC(0)   Pre Evacuate Collection Set: 0,0ms
[2022-04-27T16:35:07.819+0200][gc,phases    ] GC(0)   Evacuate Collection Set: 10,8ms
[2022-04-27T16:35:07.820+0200][gc,phases    ] GC(0)   Post Evacuate Collection Set: 0,6ms
[2022-04-27T16:35:07.820+0200][gc,phases    ] GC(0)   Other: 2,7ms
[2022-04-27T16:35:07.820+0200][gc,heap      ] GC(0) Eden regions: 25->0(21)
[2022-04-27T16:35:07.820+0200][gc,heap      ] GC(0) Survivor regions: 0->4(4)
[2022-04-27T16:35:07.820+0200][gc,heap      ] GC(0) Old regions: 2->5
[2022-04-27T16:35:07.820+0200][gc,heap      ] GC(0) Humongous regions: 0->0
[2022-04-27T16:35:07.820+0200][gc,metaspace ] GC(0) Metaspace: 7622K->7622K(1056768K)
[2022-04-27T16:35:07.820+0200][gc           ] GC(0) Pause Young (Normal) (G1 Evacuation Pause) 25M->7M(512M) 14,261ms
[2022-04-27T16:35:07.820+0200][gc,cpu       ] GC(0) User=0,13s Sys=0,00s Real=0,01s
[2022-04-28T13:01:25.351+0200][gc,start     ] GC(1) Pause Young (Normal) (G1 Evacuation Pause)
[2022-04-28T13:01:25.351+0200][gc,task      ] GC(1) Using 12 workers of 13 for evacuation
[2022-04-28T13:01:25.359+0200][gc,phases    ] GC(1)   Pre Evacuate Collection Set: 0,0ms
[2022-04-28T13:01:25.359+0200][gc,phases    ] GC(1)   Evacuate Collection Set: 7,2ms
[2022-04-28T13:01:25.359+0200][gc,phases    ] GC(1)   Post Evacuate Collection Set: 0,6ms
[2022-04-28T13:01:25.359+0200][gc,phases    ] GC(1)   Other: 0,3ms
[2022-04-28T13:01:25.359+0200][gc,heap      ] GC(1) Eden regions: 21->0(24)
[2022-04-28T13:01:25.359+0200][gc,heap      ] GC(1) Survivor regions: 4->1(4)
[2022-04-28T13:01:25.359+0200][gc,heap      ] GC(1) Old regions: 5->9
[2022-04-28T13:01:25.359+0200][gc,heap      ] GC(1) Humongous regions: 0->0
[2022-04-28T13:01:25.359+0200][gc,metaspace ] GC(1) Metaspace: 9578K->9578K(1058816K)
[2022-04-28T13:01:25.359+0200][gc           ] GC(1) Pause Young (Normal) (G1 Evacuation Pause) 28M->8M(512M) 8,310ms
[2022-04-28T13:01:25.359+0200][gc,cpu       ] GC(1) User=0,09s Sys=0,00s Real=0,00s
[2022-04-29T14:29:33.900+0200][gc,start     ] GC(2) Pause Young (Normal) (G1 Evacuation Pause)
[2022-04-29T14:29:33.900+0200][gc,task      ] GC(2) Using 12 workers of 13 for evacuation
[2022-04-29T14:29:33.902+0200][gc,phases    ] GC(2)   Pre Evacuate Collection Set: 0,0ms
[2022-04-29T14:29:33.902+0200][gc,phases    ] GC(2)   Evacuate Collection Set: 1,0ms
[2022-04-29T14:29:33.902+0200][gc,phases    ] GC(2)   Post Evacuate Collection Set: 0,8ms
[2022-04-29T14:29:33.902+0200][gc,phases    ] GC(2)   Other: 0,2ms
[2022-04-29T14:29:33.902+0200][gc,heap      ] GC(2) Eden regions: 24->0(24)
[2022-04-29T14:29:33.902+0200][gc,heap      ] GC(2) Survivor regions: 1->1(4)
[2022-04-29T14:29:33.902+0200][gc,heap      ] GC(2) Old regions: 9->9
[2022-04-29T14:29:33.902+0200][gc,heap      ] GC(2) Humongous regions: 0->0
[2022-04-29T14:29:33.902+0200][gc,metaspace ] GC(2) Metaspace: 9612K->9612K(1058816K)
[2022-04-29T14:29:33.902+0200][gc           ] GC(2) Pause Young (Normal) (G1 Evacuation Pause) 32M->8M(512M) 2,148ms
[2022-04-29T14:29:33.902+0200][gc,cpu       ] GC(2) User=0,01s Sys=0,01s Real=0,00s
[2022-05-02T10:49:25.727+0200][gc,heap,exit ] Heap
[2022-05-02T10:49:25.752+0200][gc,heap,exit ]  garbage-first heap   total 524288K, used 21896K [0x00000000e0000000, 0x0000000100000000)
[2022-05-02T10:49:25.752+0200][gc,heap,exit ]   region size 1024K, 15 young (15360K), 1 survivors (1024K)
[2022-05-02T10:49:25.752+0200][gc,heap,exit ]  Metaspace       used 9623K, capacity 10083K, committed 10496K, reserved 1058816K
[2022-05-02T10:49:25.752+0200][gc,heap,exit ]   class space    used 992K, capacity 1155K, committed 1280K, reserved 1048576K
