[2022-05-03T12:44:50.576+0000][gc,heap] Heap region size: 1M
[2022-05-03T12:44:50.586+0000][gc     ] Using G1
[2022-05-03T12:44:50.586+0000][gc,heap,coops] Heap address: 0x00000000e0000000, size: 512 MB, Compressed Oops mode: 32-bit
[2022-05-03T12:44:50.587+0000][gc,cds       ] Mark closed archive regions in map: [0x00000000ffe00000, 0x00000000ffe6aff8]
[2022-05-03T12:44:50.587+0000][gc,cds       ] Mark open archive regions in map: [0x00000000ffc00000, 0x00000000ffc47ff8]
[2022-05-03T12:44:51.368+0000][gc,start     ] GC(0) Pause Young (Normal) (G1 Evacuation Pause)
[2022-05-03T12:44:51.370+0000][gc,task      ] GC(0) Using 12 workers of 13 for evacuation
[2022-05-03T12:44:51.379+0000][gc,phases    ] GC(0)   Pre Evacuate Collection Set: 0.0ms
[2022-05-03T12:44:51.379+0000][gc,phases    ] GC(0)   Evacuate Collection Set: 8.2ms
[2022-05-03T12:44:51.379+0000][gc,phases    ] GC(0)   Post Evacuate Collection Set: 0.5ms
[2022-05-03T12:44:51.379+0000][gc,phases    ] GC(0)   Other: 2.0ms
[2022-05-03T12:44:51.379+0000][gc,heap      ] GC(0) Eden regions: 25->0(21)
[2022-05-03T12:44:51.379+0000][gc,heap      ] GC(0) Survivor regions: 0->4(4)
[2022-05-03T12:44:51.379+0000][gc,heap      ] GC(0) Old regions: 2->5
[2022-05-03T12:44:51.379+0000][gc,heap      ] GC(0) Humongous regions: 0->0
[2022-05-03T12:44:51.379+0000][gc,metaspace ] GC(0) Metaspace: 7761K->7761K(1056768K)
[2022-05-03T12:44:51.379+0000][gc           ] GC(0) Pause Young (Normal) (G1 Evacuation Pause) 25M->7M(512M) 10.819ms
[2022-05-03T12:44:51.379+0000][gc,cpu       ] GC(0) User=0.10s Sys=0.01s Real=0.01s
