[2022-05-03T13:28:51.275+0000][gc,heap] Heap region size: 1M
[2022-05-03T13:28:51.290+0000][gc     ] Using G1
[2022-05-03T13:28:51.290+0000][gc,heap,coops] Heap address: 0x00000000c0000000, size: 1024 MB, Compressed Oops mode: 32-bit
[2022-05-03T13:28:51.291+0000][gc,cds       ] Mark closed archive regions in map: [0x00000000ffe00000, 0x00000000ffe6aff8]
[2022-05-03T13:28:51.291+0000][gc,cds       ] Mark open archive regions in map: [0x00000000ffc00000, 0x00000000ffc47ff8]
[2022-05-03T13:28:52.554+0000][gc,start     ] GC(0) Pause Young (Normal) (G1 Evacuation Pause)
[2022-05-03T13:28:52.556+0000][gc,task      ] GC(0) Using 13 workers of 13 for evacuation
[2022-05-03T13:28:52.568+0000][gc,phases    ] GC(0)   Pre Evacuate Collection Set: 0.0ms
[2022-05-03T13:28:52.568+0000][gc,phases    ] GC(0)   Evacuate Collection Set: 11.5ms
[2022-05-03T13:28:52.568+0000][gc,phases    ] GC(0)   Post Evacuate Collection Set: 0.7ms
[2022-05-03T13:28:52.568+0000][gc,phases    ] GC(0)   Other: 2.0ms
[2022-05-03T13:28:52.568+0000][gc,heap      ] GC(0) Eden regions: 51->0(44)
[2022-05-03T13:28:52.568+0000][gc,heap      ] GC(0) Survivor regions: 0->7(7)
[2022-05-03T13:28:52.568+0000][gc,heap      ] GC(0) Old regions: 2->2
[2022-05-03T13:28:52.568+0000][gc,heap      ] GC(0) Humongous regions: 0->0
[2022-05-03T13:28:52.568+0000][gc,metaspace ] GC(0) Metaspace: 14962K->14962K(1062912K)
[2022-05-03T13:28:52.568+0000][gc           ] GC(0) Pause Young (Normal) (G1 Evacuation Pause) 51M->7M(1024M) 14.276ms
[2022-05-03T13:28:52.568+0000][gc,cpu       ] GC(0) User=0.13s Sys=0.02s Real=0.01s
[2022-05-03T13:28:53.456+0000][gc,start     ] GC(1) Pause Young (Concurrent Start) (Metadata GC Threshold)
[2022-05-03T13:28:53.456+0000][gc,task      ] GC(1) Using 13 workers of 13 for evacuation
[2022-05-03T13:28:53.469+0000][gc,phases    ] GC(1)   Pre Evacuate Collection Set: 0.1ms
[2022-05-03T13:28:53.469+0000][gc,phases    ] GC(1)   Evacuate Collection Set: 12.3ms
[2022-05-03T13:28:53.469+0000][gc,phases    ] GC(1)   Post Evacuate Collection Set: 0.5ms
[2022-05-03T13:28:53.469+0000][gc,phases    ] GC(1)   Other: 0.4ms
[2022-05-03T13:28:53.469+0000][gc,heap      ] GC(1) Eden regions: 24->0(49)
[2022-05-03T13:28:53.469+0000][gc,heap      ] GC(1) Survivor regions: 7->2(7)
[2022-05-03T13:28:53.469+0000][gc,heap      ] GC(1) Old regions: 2->9
[2022-05-03T13:28:53.469+0000][gc,heap      ] GC(1) Humongous regions: 0->0
[2022-05-03T13:28:53.469+0000][gc,metaspace ] GC(1) Metaspace: 20637K->20637K(1067008K)
[2022-05-03T13:28:53.469+0000][gc           ] GC(1) Pause Young (Concurrent Start) (Metadata GC Threshold) 30M->8M(1024M) 13.398ms
[2022-05-03T13:28:53.469+0000][gc,cpu       ] GC(1) User=0.06s Sys=0.01s Real=0.01s
[2022-05-03T13:28:53.469+0000][gc           ] GC(2) Concurrent Cycle
[2022-05-03T13:28:53.469+0000][gc,marking   ] GC(2) Concurrent Clear Claimed Marks
[2022-05-03T13:28:53.470+0000][gc,marking   ] GC(2) Concurrent Clear Claimed Marks 0.033ms
[2022-05-03T13:28:53.470+0000][gc,marking   ] GC(2) Concurrent Scan Root Regions
[2022-05-03T13:28:53.471+0000][gc,marking   ] GC(2) Concurrent Scan Root Regions 1.158ms
[2022-05-03T13:28:53.471+0000][gc,marking   ] GC(2) Concurrent Mark (2.200s)
[2022-05-03T13:28:53.471+0000][gc,marking   ] GC(2) Concurrent Mark From Roots
[2022-05-03T13:28:53.471+0000][gc,task      ] GC(2) Using 3 workers of 3 for marking
[2022-05-03T13:28:53.478+0000][gc,marking   ] GC(2) Concurrent Mark From Roots 7.690ms
[2022-05-03T13:28:53.478+0000][gc,marking   ] GC(2) Concurrent Preclean
[2022-05-03T13:28:53.479+0000][gc,marking   ] GC(2) Concurrent Preclean 0.361ms
[2022-05-03T13:28:53.479+0000][gc,marking   ] GC(2) Concurrent Mark (2.200s, 2.208s) 8.161ms
[2022-05-03T13:28:53.479+0000][gc,start     ] GC(2) Pause Remark
[2022-05-03T13:28:53.481+0000][gc,stringtable] GC(2) Cleaned string and symbol table, strings: 5153 processed, 0 removed, symbols: 50690 processed, 43 removed
[2022-05-03T13:28:53.481+0000][gc            ] GC(2) Pause Remark 8M->8M(1024M) 2.006ms
[2022-05-03T13:28:53.481+0000][gc,cpu        ] GC(2) User=0.01s Sys=0.00s Real=0.00s
[2022-05-03T13:28:53.481+0000][gc,marking    ] GC(2) Concurrent Rebuild Remembered Sets
[2022-05-03T13:28:53.485+0000][gc,marking    ] GC(2) Concurrent Rebuild Remembered Sets 3.358ms
[2022-05-03T13:28:53.485+0000][gc,start      ] GC(2) Pause Cleanup
[2022-05-03T13:28:53.485+0000][gc            ] GC(2) Pause Cleanup 9M->9M(1024M) 0.413ms
[2022-05-03T13:28:53.485+0000][gc,cpu        ] GC(2) User=0.01s Sys=0.00s Real=0.01s
[2022-05-03T13:28:53.485+0000][gc,marking    ] GC(2) Concurrent Cleanup for Next Mark
[2022-05-03T13:28:53.490+0000][gc,marking    ] GC(2) Concurrent Cleanup for Next Mark 4.286ms
[2022-05-03T13:28:53.490+0000][gc            ] GC(2) Concurrent Cycle 20.188ms
[2022-05-03T13:28:54.359+0000][gc,start      ] GC(3) Pause Young (Normal) (G1 Evacuation Pause)
[2022-05-03T13:28:54.359+0000][gc,task       ] GC(3) Using 13 workers of 13 for evacuation
[2022-05-03T13:28:54.363+0000][gc,phases     ] GC(3)   Pre Evacuate Collection Set: 0.0ms
[2022-05-03T13:28:54.363+0000][gc,phases     ] GC(3)   Evacuate Collection Set: 3.0ms
[2022-05-03T13:28:54.363+0000][gc,phases     ] GC(3)   Post Evacuate Collection Set: 0.5ms
[2022-05-03T13:28:54.363+0000][gc,phases     ] GC(3)   Other: 0.2ms
[2022-05-03T13:28:54.363+0000][gc,heap       ] GC(3) Eden regions: 49->0(46)
[2022-05-03T13:28:54.363+0000][gc,heap       ] GC(3) Survivor regions: 2->5(7)
[2022-05-03T13:28:54.363+0000][gc,heap       ] GC(3) Old regions: 9->9
[2022-05-03T13:28:54.363+0000][gc,heap       ] GC(3) Humongous regions: 129->129
[2022-05-03T13:28:54.363+0000][gc,metaspace  ] GC(3) Metaspace: 29154K->29154K(1075200K)
[2022-05-03T13:28:54.363+0000][gc            ] GC(3) Pause Young (Normal) (G1 Evacuation Pause) 186M->140M(1024M) 3.882ms
[2022-05-03T13:28:54.363+0000][gc,cpu        ] GC(3) User=0.04s Sys=0.00s Real=0.00s
[2022-05-03T13:28:54.781+0000][gc,start      ] GC(4) Pause Young (Concurrent Start) (Metadata GC Threshold)
[2022-05-03T13:28:54.781+0000][gc,task       ] GC(4) Using 13 workers of 13 for evacuation
[2022-05-03T13:28:54.788+0000][gc,phases     ] GC(4)   Pre Evacuate Collection Set: 0.1ms
[2022-05-03T13:28:54.788+0000][gc,phases     ] GC(4)   Evacuate Collection Set: 6.1ms
[2022-05-03T13:28:54.788+0000][gc,phases     ] GC(4)   Post Evacuate Collection Set: 0.4ms
[2022-05-03T13:28:54.789+0000][gc,phases     ] GC(4)   Other: 0.4ms
[2022-05-03T13:28:54.789+0000][gc,heap       ] GC(4) Eden regions: 26->0(49)
[2022-05-03T13:28:54.789+0000][gc,heap       ] GC(4) Survivor regions: 5->2(7)
[2022-05-03T13:28:54.789+0000][gc,heap       ] GC(4) Old regions: 9->13
[2022-05-03T13:28:54.789+0000][gc,heap       ] GC(4) Humongous regions: 129->129
[2022-05-03T13:28:54.789+0000][gc,metaspace  ] GC(4) Metaspace: 34379K->34379K(1081344K)
[2022-05-03T13:28:54.789+0000][gc            ] GC(4) Pause Young (Concurrent Start) (Metadata GC Threshold) 166M->142M(1024M) 7.194ms
[2022-05-03T13:28:54.789+0000][gc,cpu        ] GC(4) User=0.03s Sys=0.00s Real=0.01s
[2022-05-03T13:28:54.789+0000][gc            ] GC(5) Concurrent Cycle
[2022-05-03T13:28:54.789+0000][gc,marking    ] GC(5) Concurrent Clear Claimed Marks
[2022-05-03T13:28:54.789+0000][gc,marking    ] GC(5) Concurrent Clear Claimed Marks 0.055ms
[2022-05-03T13:28:54.789+0000][gc,marking    ] GC(5) Concurrent Scan Root Regions
[2022-05-03T13:28:54.790+0000][gc,marking    ] GC(5) Concurrent Scan Root Regions 1.620ms
[2022-05-03T13:28:54.790+0000][gc,marking    ] GC(5) Concurrent Mark (3.519s)
[2022-05-03T13:28:54.790+0000][gc,marking    ] GC(5) Concurrent Mark From Roots
[2022-05-03T13:28:54.790+0000][gc,task       ] GC(5) Using 3 workers of 3 for marking
[2022-05-03T13:28:54.805+0000][gc,marking    ] GC(5) Concurrent Mark From Roots 14.265ms
[2022-05-03T13:28:54.805+0000][gc,marking    ] GC(5) Concurrent Preclean
[2022-05-03T13:28:54.805+0000][gc,marking    ] GC(5) Concurrent Preclean 0.309ms
[2022-05-03T13:28:54.805+0000][gc,marking    ] GC(5) Concurrent Mark (3.519s, 3.534s) 14.654ms
[2022-05-03T13:28:54.805+0000][gc,start      ] GC(5) Pause Remark
[2022-05-03T13:28:54.807+0000][gc,stringtable] GC(5) Cleaned string and symbol table, strings: 10272 processed, 10 removed, symbols: 83025 processed, 17 removed
[2022-05-03T13:28:54.807+0000][gc            ] GC(5) Pause Remark 143M->143M(1024M) 1.746ms
[2022-05-03T13:28:54.807+0000][gc,cpu        ] GC(5) User=0.01s Sys=0.00s Real=0.00s
[2022-05-03T13:28:54.807+0000][gc,marking    ] GC(5) Concurrent Rebuild Remembered Sets
[2022-05-03T13:28:54.815+0000][gc,marking    ] GC(5) Concurrent Rebuild Remembered Sets 7.780ms
[2022-05-03T13:28:54.815+0000][gc,start      ] GC(5) Pause Cleanup
[2022-05-03T13:28:54.815+0000][gc            ] GC(5) Pause Cleanup 144M->144M(1024M) 0.258ms
[2022-05-03T13:28:54.815+0000][gc,cpu        ] GC(5) User=0.00s Sys=0.00s Real=0.00s
[2022-05-03T13:28:54.815+0000][gc,marking    ] GC(5) Concurrent Cleanup for Next Mark
[2022-05-03T13:28:54.820+0000][gc,marking    ] GC(5) Concurrent Cleanup for Next Mark 4.848ms
[2022-05-03T13:28:54.820+0000][gc            ] GC(5) Concurrent Cycle 31.713ms
