[2022-05-03T13:28:16.180+0000][gc,heap] Heap region size: 1M
[2022-05-03T13:28:16.198+0000][gc     ] Using G1
[2022-05-03T13:28:16.198+0000][gc,heap,coops] Heap address: 0x00000000c0000000, size: 1024 MB, Compressed Oops mode: 32-bit
[2022-05-03T13:28:16.198+0000][gc,cds       ] Mark closed archive regions in map: [0x00000000ffe00000, 0x00000000ffe6aff8]
[2022-05-03T13:28:16.198+0000][gc,cds       ] Mark open archive regions in map: [0x00000000ffc00000, 0x00000000ffc47ff8]
[2022-05-03T13:28:17.494+0000][gc,start     ] GC(0) Pause Young (Normal) (G1 Evacuation Pause)
[2022-05-03T13:28:17.499+0000][gc,task      ] GC(0) Using 13 workers of 13 for evacuation
[2022-05-03T13:28:17.511+0000][gc,phases    ] GC(0)   Pre Evacuate Collection Set: 0.0ms
[2022-05-03T13:28:17.511+0000][gc,phases    ] GC(0)   Evacuate Collection Set: 11.4ms
[2022-05-03T13:28:17.511+0000][gc,phases    ] GC(0)   Post Evacuate Collection Set: 0.7ms
[2022-05-03T13:28:17.511+0000][gc,phases    ] GC(0)   Other: 5.3ms
[2022-05-03T13:28:17.511+0000][gc,heap      ] GC(0) Eden regions: 51->0(44)
[2022-05-03T13:28:17.511+0000][gc,heap      ] GC(0) Survivor regions: 0->7(7)
[2022-05-03T13:28:17.511+0000][gc,heap      ] GC(0) Old regions: 2->2
[2022-05-03T13:28:17.511+0000][gc,heap      ] GC(0) Humongous regions: 0->0
[2022-05-03T13:28:17.511+0000][gc,metaspace ] GC(0) Metaspace: 14948K->14948K(1062912K)
[2022-05-03T13:28:17.511+0000][gc           ] GC(0) Pause Young (Normal) (G1 Evacuation Pause) 51M->7M(1024M) 17.496ms
[2022-05-03T13:28:17.511+0000][gc,cpu       ] GC(0) User=0.15s Sys=0.01s Real=0.01s
