[2022-04-27T12:00:29.623+0200][gc,heap] Heap region size: 1M
[2022-04-27T12:00:29.644+0200][gc     ] Using G1
[2022-04-27T12:00:29.644+0200][gc,heap,coops] Heap address: 0x00000000c0000000, size: 1024 MB, Compressed Oops mode: 32-bit
[2022-04-27T12:00:29.644+0200][gc,cds       ] Mark closed archive regions in map: [0x00000000ffe00000, 0x00000000ffe6aff8]
[2022-04-27T12:00:29.644+0200][gc,cds       ] Mark open archive regions in map: [0x00000000ffc00000, 0x00000000ffc46ff8]
[2022-04-27T12:00:30.900+0200][gc,start     ] GC(0) Pause Young (Normal) (G1 Evacuation Pause)
[2022-04-27T12:00:30.903+0200][gc,task      ] GC(0) Using 13 workers of 13 for evacuation
[2022-04-27T12:00:30.915+0200][gc,phases    ] GC(0)   Pre Evacuate Collection Set: 0,0ms
[2022-04-27T12:00:30.915+0200][gc,phases    ] GC(0)   Evacuate Collection Set: 10,9ms
[2022-04-27T12:00:30.915+0200][gc,phases    ] GC(0)   Post Evacuate Collection Set: 0,6ms
[2022-04-27T12:00:30.915+0200][gc,phases    ] GC(0)   Other: 2,6ms
[2022-04-27T12:00:30.915+0200][gc,heap      ] GC(0) Eden regions: 51->0(44)
[2022-04-27T12:00:30.915+0200][gc,heap      ] GC(0) Survivor regions: 0->7(7)
[2022-04-27T12:00:30.915+0200][gc,heap      ] GC(0) Old regions: 2->2
[2022-04-27T12:00:30.915+0200][gc,heap      ] GC(0) Humongous regions: 0->0
[2022-04-27T12:00:30.915+0200][gc,metaspace ] GC(0) Metaspace: 15026K->15026K(1062912K)
[2022-04-27T12:00:30.915+0200][gc           ] GC(0) Pause Young (Normal) (G1 Evacuation Pause) 51M->7M(1024M) 14,274ms
[2022-04-27T12:00:30.915+0200][gc,cpu       ] GC(0) User=0,13s Sys=0,01s Real=0,02s
[2022-04-27T12:00:32.066+0200][gc,start     ] GC(1) Pause Young (Concurrent Start) (Metadata GC Threshold)
[2022-04-27T12:00:32.066+0200][gc,task      ] GC(1) Using 13 workers of 13 for evacuation
[2022-04-27T12:00:32.077+0200][gc,phases    ] GC(1)   Pre Evacuate Collection Set: 0,1ms
[2022-04-27T12:00:32.077+0200][gc,phases    ] GC(1)   Evacuate Collection Set: 9,9ms
[2022-04-27T12:00:32.077+0200][gc,phases    ] GC(1)   Post Evacuate Collection Set: 0,6ms
[2022-04-27T12:00:32.077+0200][gc,phases    ] GC(1)   Other: 0,4ms
[2022-04-27T12:00:32.077+0200][gc,heap      ] GC(1) Eden regions: 24->0(49)
[2022-04-27T12:00:32.077+0200][gc,heap      ] GC(1) Survivor regions: 7->2(7)
[2022-04-27T12:00:32.078+0200][gc,heap      ] GC(1) Old regions: 2->9
[2022-04-27T12:00:32.078+0200][gc,heap      ] GC(1) Humongous regions: 0->0
[2022-04-27T12:00:32.078+0200][gc,metaspace ] GC(1) Metaspace: 20568K->20568K(1067008K)
[2022-04-27T12:00:32.078+0200][gc           ] GC(1) Pause Young (Concurrent Start) (Metadata GC Threshold) 31M->8M(1024M) 11,100ms
[2022-04-27T12:00:32.078+0200][gc,cpu       ] GC(1) User=0,06s Sys=0,01s Real=0,01s
[2022-04-27T12:00:32.078+0200][gc           ] GC(2) Concurrent Cycle
[2022-04-27T12:00:32.078+0200][gc,marking   ] GC(2) Concurrent Clear Claimed Marks
[2022-04-27T12:00:32.078+0200][gc,marking   ] GC(2) Concurrent Clear Claimed Marks 0,032ms
[2022-04-27T12:00:32.078+0200][gc,marking   ] GC(2) Concurrent Scan Root Regions
[2022-04-27T12:00:32.079+0200][gc,marking   ] GC(2) Concurrent Scan Root Regions 1,102ms
[2022-04-27T12:00:32.079+0200][gc,marking   ] GC(2) Concurrent Mark (2,463s)
[2022-04-27T12:00:32.079+0200][gc,marking   ] GC(2) Concurrent Mark From Roots
[2022-04-27T12:00:32.079+0200][gc,task      ] GC(2) Using 3 workers of 3 for marking
[2022-04-27T12:00:32.084+0200][gc,marking   ] GC(2) Concurrent Mark From Roots 5,041ms
[2022-04-27T12:00:32.084+0200][gc,marking   ] GC(2) Concurrent Preclean
[2022-04-27T12:00:32.084+0200][gc,marking   ] GC(2) Concurrent Preclean 0,310ms
[2022-04-27T12:00:32.084+0200][gc,marking   ] GC(2) Concurrent Mark (2,463s, 2,469s) 5,424ms
[2022-04-27T12:00:32.084+0200][gc,start     ] GC(2) Pause Remark
[2022-04-27T12:00:32.087+0200][gc,stringtable] GC(2) Cleaned string and symbol table, strings: 5240 processed, 0 removed, symbols: 50668 processed, 44 removed
[2022-04-27T12:00:32.087+0200][gc            ] GC(2) Pause Remark 8M->8M(1024M) 2,794ms
[2022-04-27T12:00:32.087+0200][gc,cpu        ] GC(2) User=0,01s Sys=0,00s Real=0,00s
[2022-04-27T12:00:32.087+0200][gc,marking    ] GC(2) Concurrent Rebuild Remembered Sets
[2022-04-27T12:00:32.091+0200][gc,marking    ] GC(2) Concurrent Rebuild Remembered Sets 3,045ms
[2022-04-27T12:00:32.091+0200][gc,start      ] GC(2) Pause Cleanup
[2022-04-27T12:00:32.091+0200][gc            ] GC(2) Pause Cleanup 8M->8M(1024M) 0,464ms
[2022-04-27T12:00:32.091+0200][gc,cpu        ] GC(2) User=0,00s Sys=0,00s Real=0,00s
[2022-04-27T12:00:32.092+0200][gc,marking    ] GC(2) Concurrent Cleanup for Next Mark
[2022-04-27T12:00:32.095+0200][gc,marking    ] GC(2) Concurrent Cleanup for Next Mark 3,348ms
[2022-04-27T12:00:32.095+0200][gc            ] GC(2) Concurrent Cycle 17,315ms
[2022-04-27T12:00:32.949+0200][gc,start      ] GC(3) Pause Young (Normal) (G1 Evacuation Pause)
[2022-04-27T12:00:32.949+0200][gc,task       ] GC(3) Using 13 workers of 13 for evacuation
[2022-04-27T12:00:32.953+0200][gc,phases     ] GC(3)   Pre Evacuate Collection Set: 0,0ms
[2022-04-27T12:00:32.953+0200][gc,phases     ] GC(3)   Evacuate Collection Set: 2,8ms
[2022-04-27T12:00:32.953+0200][gc,phases     ] GC(3)   Post Evacuate Collection Set: 0,7ms
[2022-04-27T12:00:32.953+0200][gc,phases     ] GC(3)   Other: 0,3ms
[2022-04-27T12:00:32.953+0200][gc,heap       ] GC(3) Eden regions: 49->0(46)
[2022-04-27T12:00:32.953+0200][gc,heap       ] GC(3) Survivor regions: 2->5(7)
[2022-04-27T12:00:32.953+0200][gc,heap       ] GC(3) Old regions: 9->9
[2022-04-27T12:00:32.953+0200][gc,heap       ] GC(3) Humongous regions: 129->129
[2022-04-27T12:00:32.953+0200][gc,metaspace  ] GC(3) Metaspace: 29063K->29063K(1075200K)
[2022-04-27T12:00:32.953+0200][gc            ] GC(3) Pause Young (Normal) (G1 Evacuation Pause) 186M->140M(1024M) 3,921ms
[2022-04-27T12:00:32.953+0200][gc,cpu        ] GC(3) User=0,04s Sys=0,00s Real=0,00s
[2022-04-27T12:00:33.458+0200][gc,start      ] GC(4) Pause Young (Concurrent Start) (GCLocker Initiated GC)
[2022-04-27T12:00:33.458+0200][gc,task       ] GC(4) Using 13 workers of 13 for evacuation
[2022-04-27T12:00:33.466+0200][gc,phases     ] GC(4)   Pre Evacuate Collection Set: 0,1ms
[2022-04-27T12:00:33.466+0200][gc,phases     ] GC(4)   Evacuate Collection Set: 6,3ms
[2022-04-27T12:00:33.466+0200][gc,phases     ] GC(4)   Post Evacuate Collection Set: 0,7ms
[2022-04-27T12:00:33.466+0200][gc,phases     ] GC(4)   Other: 0,3ms
[2022-04-27T12:00:33.466+0200][gc,heap       ] GC(4) Eden regions: 27->0(45)
[2022-04-27T12:00:33.466+0200][gc,heap       ] GC(4) Survivor regions: 5->6(7)
[2022-04-27T12:00:33.466+0200][gc,heap       ] GC(4) Old regions: 9->10
[2022-04-27T12:00:33.466+0200][gc,heap       ] GC(4) Humongous regions: 129->129
[2022-04-27T12:00:33.466+0200][gc,metaspace  ] GC(4) Metaspace: 34517K->34517K(1081344K)
[2022-04-27T12:00:33.466+0200][gc            ] GC(4) Pause Young (Concurrent Start) (GCLocker Initiated GC) 166M->142M(1024M) 7,645ms
[2022-04-27T12:00:33.466+0200][gc,cpu        ] GC(4) User=0,04s Sys=0,00s Real=0,01s
[2022-04-27T12:00:33.466+0200][gc            ] GC(5) Concurrent Cycle
[2022-04-27T12:00:33.466+0200][gc,marking    ] GC(5) Concurrent Clear Claimed Marks
[2022-04-27T12:00:33.466+0200][gc,marking    ] GC(5) Concurrent Clear Claimed Marks 0,098ms
[2022-04-27T12:00:33.466+0200][gc,marking    ] GC(5) Concurrent Scan Root Regions
[2022-04-27T12:00:33.469+0200][gc,marking    ] GC(5) Concurrent Scan Root Regions 2,468ms
[2022-04-27T12:00:33.469+0200][gc,marking    ] GC(5) Concurrent Mark (3,853s)
[2022-04-27T12:00:33.469+0200][gc,marking    ] GC(5) Concurrent Mark From Roots
[2022-04-27T12:00:33.469+0200][gc,task       ] GC(5) Using 3 workers of 3 for marking
[2022-04-27T12:00:33.483+0200][gc,marking    ] GC(5) Concurrent Mark From Roots 14,574ms
[2022-04-27T12:00:33.483+0200][gc,marking    ] GC(5) Concurrent Preclean
[2022-04-27T12:00:33.484+0200][gc,marking    ] GC(5) Concurrent Preclean 0,224ms
[2022-04-27T12:00:33.484+0200][gc,marking    ] GC(5) Concurrent Mark (3,853s, 3,868s) 14,856ms
[2022-04-27T12:00:33.484+0200][gc,start      ] GC(5) Pause Remark
[2022-04-27T12:00:33.486+0200][gc,stringtable] GC(5) Cleaned string and symbol table, strings: 10393 processed, 9 removed, symbols: 83271 processed, 16 removed
[2022-04-27T12:00:33.486+0200][gc            ] GC(5) Pause Remark 144M->144M(1024M) 2,093ms
[2022-04-27T12:00:33.486+0200][gc,cpu        ] GC(5) User=0,01s Sys=0,00s Real=0,00s
[2022-04-27T12:00:33.486+0200][gc,marking    ] GC(5) Concurrent Rebuild Remembered Sets
[2022-04-27T12:00:33.490+0200][gc,marking    ] GC(5) Concurrent Rebuild Remembered Sets 3,529ms
[2022-04-27T12:00:33.490+0200][gc,start      ] GC(5) Pause Cleanup
[2022-04-27T12:00:33.490+0200][gc            ] GC(5) Pause Cleanup 144M->144M(1024M) 0,245ms
[2022-04-27T12:00:33.490+0200][gc,cpu        ] GC(5) User=0,00s Sys=0,00s Real=0,00s
[2022-04-27T12:00:33.490+0200][gc,marking    ] GC(5) Concurrent Cleanup for Next Mark
[2022-04-27T12:00:33.494+0200][gc,marking    ] GC(5) Concurrent Cleanup for Next Mark 4,338ms
[2022-04-27T12:00:33.495+0200][gc            ] GC(5) Concurrent Cycle 28,351ms
[2022-04-27T13:48:49.410+0200][gc,start      ] GC(6) Pause Young (Normal) (G1 Evacuation Pause)
[2022-04-27T13:48:49.410+0200][gc,task       ] GC(6) Using 13 workers of 13 for evacuation
[2022-04-27T13:48:49.413+0200][gc,phases     ] GC(6)   Pre Evacuate Collection Set: 0,0ms
[2022-04-27T13:48:49.413+0200][gc,phases     ] GC(6)   Evacuate Collection Set: 2,6ms
[2022-04-27T13:48:49.413+0200][gc,phases     ] GC(6)   Post Evacuate Collection Set: 0,6ms
[2022-04-27T13:48:49.413+0200][gc,phases     ] GC(6)   Other: 0,3ms
[2022-04-27T13:48:49.413+0200][gc,heap       ] GC(6) Eden regions: 45->0(48)
[2022-04-27T13:48:49.413+0200][gc,heap       ] GC(6) Survivor regions: 6->3(7)
[2022-04-27T13:48:49.413+0200][gc,heap       ] GC(6) Old regions: 10->12
[2022-04-27T13:48:49.413+0200][gc,heap       ] GC(6) Humongous regions: 129->0
[2022-04-27T13:48:49.413+0200][gc,metaspace  ] GC(6) Metaspace: 37754K->37754K(1083392K)
[2022-04-27T13:48:49.413+0200][gc            ] GC(6) Pause Young (Normal) (G1 Evacuation Pause) 187M->13M(1024M) 3,659ms
[2022-04-27T13:48:49.413+0200][gc,cpu        ] GC(6) User=0,03s Sys=0,00s Real=0,01s
[2022-04-27T13:48:53.498+0200][gc,heap,exit  ] Heap
[2022-04-27T13:48:53.498+0200][gc,heap,exit  ]  garbage-first heap   total 1048576K, used 17449K [0x00000000c0000000, 0x0000000100000000)
[2022-04-27T13:48:53.498+0200][gc,heap,exit  ]   region size 1024K, 8 young (8192K), 3 survivors (3072K)
[2022-04-27T13:48:53.498+0200][gc,heap,exit  ]  Metaspace       used 37869K, capacity 39570K, committed 39628K, reserved 1083392K
[2022-04-27T13:48:53.498+0200][gc,heap,exit  ]   class space    used 4584K, capacity 5362K, committed 5376K, reserved 1048576K
