[2022-05-03T14:02:11.579+0000][gc,heap] Heap region size: 1M
[2022-05-03T14:02:11.597+0000][gc     ] Using G1
[2022-05-03T14:02:11.597+0000][gc,heap,coops] Heap address: 0x00000000c0000000, size: 1024 MB, Compressed Oops mode: 32-bit
[2022-05-03T14:02:11.597+0000][gc,cds       ] Mark closed archive regions in map: [0x00000000ffe00000, 0x00000000ffe6aff8]
[2022-05-03T14:02:11.597+0000][gc,cds       ] Mark open archive regions in map: [0x00000000ffc00000, 0x00000000ffc47ff8]
[2022-05-03T14:02:12.893+0000][gc,start     ] GC(0) Pause Young (Normal) (G1 Evacuation Pause)
[2022-05-03T14:02:12.895+0000][gc,task      ] GC(0) Using 13 workers of 13 for evacuation
[2022-05-03T14:02:12.908+0000][gc,phases    ] GC(0)   Pre Evacuate Collection Set: 0.0ms
[2022-05-03T14:02:12.908+0000][gc,phases    ] GC(0)   Evacuate Collection Set: 12.1ms
[2022-05-03T14:02:12.908+0000][gc,phases    ] GC(0)   Post Evacuate Collection Set: 0.8ms
[2022-05-03T14:02:12.908+0000][gc,phases    ] GC(0)   Other: 2.1ms
[2022-05-03T14:02:12.908+0000][gc,heap      ] GC(0) Eden regions: 51->0(44)
[2022-05-03T14:02:12.908+0000][gc,heap      ] GC(0) Survivor regions: 0->7(7)
[2022-05-03T14:02:12.908+0000][gc,heap      ] GC(0) Old regions: 2->2
[2022-05-03T14:02:12.908+0000][gc,heap      ] GC(0) Humongous regions: 0->0
[2022-05-03T14:02:12.908+0000][gc,metaspace ] GC(0) Metaspace: 14959K->14959K(1062912K)
[2022-05-03T14:02:12.908+0000][gc           ] GC(0) Pause Young (Normal) (G1 Evacuation Pause) 51M->7M(1024M) 15.328ms
[2022-05-03T14:02:12.908+0000][gc,cpu       ] GC(0) User=0.13s Sys=0.01s Real=0.02s
[2022-05-03T14:02:13.894+0000][gc,start     ] GC(1) Pause Young (Concurrent Start) (Metadata GC Threshold)
[2022-05-03T14:02:13.894+0000][gc,task      ] GC(1) Using 13 workers of 13 for evacuation
[2022-05-03T14:02:13.908+0000][gc,phases    ] GC(1)   Pre Evacuate Collection Set: 0.1ms
[2022-05-03T14:02:13.908+0000][gc,phases    ] GC(1)   Evacuate Collection Set: 13.0ms
[2022-05-03T14:02:13.908+0000][gc,phases    ] GC(1)   Post Evacuate Collection Set: 0.5ms
[2022-05-03T14:02:13.908+0000][gc,phases    ] GC(1)   Other: 0.4ms
[2022-05-03T14:02:13.908+0000][gc,heap      ] GC(1) Eden regions: 24->0(49)
[2022-05-03T14:02:13.908+0000][gc,heap      ] GC(1) Survivor regions: 7->2(7)
[2022-05-03T14:02:13.908+0000][gc,heap      ] GC(1) Old regions: 2->9
[2022-05-03T14:02:13.908+0000][gc,heap      ] GC(1) Humongous regions: 0->0
[2022-05-03T14:02:13.908+0000][gc,metaspace ] GC(1) Metaspace: 20643K->20643K(1067008K)
[2022-05-03T14:02:13.908+0000][gc           ] GC(1) Pause Young (Concurrent Start) (Metadata GC Threshold) 30M->8M(1024M) 14.066ms
[2022-05-03T14:02:13.908+0000][gc,cpu       ] GC(1) User=0.06s Sys=0.01s Real=0.01s
[2022-05-03T14:02:13.908+0000][gc           ] GC(2) Concurrent Cycle
[2022-05-03T14:02:13.908+0000][gc,marking   ] GC(2) Concurrent Clear Claimed Marks
[2022-05-03T14:02:13.909+0000][gc,marking   ] GC(2) Concurrent Clear Claimed Marks 0.032ms
[2022-05-03T14:02:13.909+0000][gc,marking   ] GC(2) Concurrent Scan Root Regions
[2022-05-03T14:02:13.910+0000][gc,marking   ] GC(2) Concurrent Scan Root Regions 1.113ms
[2022-05-03T14:02:13.910+0000][gc,marking   ] GC(2) Concurrent Mark (2.335s)
[2022-05-03T14:02:13.910+0000][gc,marking   ] GC(2) Concurrent Mark From Roots
[2022-05-03T14:02:13.910+0000][gc,task      ] GC(2) Using 3 workers of 3 for marking
[2022-05-03T14:02:13.916+0000][gc,marking   ] GC(2) Concurrent Mark From Roots 6.678ms
[2022-05-03T14:02:13.916+0000][gc,marking   ] GC(2) Concurrent Preclean
[2022-05-03T14:02:13.917+0000][gc,marking   ] GC(2) Concurrent Preclean 0.284ms
[2022-05-03T14:02:13.917+0000][gc,marking   ] GC(2) Concurrent Mark (2.335s, 2.342s) 7.044ms
[2022-05-03T14:02:13.917+0000][gc,start     ] GC(2) Pause Remark
[2022-05-03T14:02:13.918+0000][gc,stringtable] GC(2) Cleaned string and symbol table, strings: 5169 processed, 0 removed, symbols: 50649 processed, 43 removed
[2022-05-03T14:02:13.919+0000][gc            ] GC(2) Pause Remark 8M->8M(1024M) 1.784ms
[2022-05-03T14:02:13.919+0000][gc,cpu        ] GC(2) User=0.01s Sys=0.00s Real=0.00s
[2022-05-03T14:02:13.919+0000][gc,marking    ] GC(2) Concurrent Rebuild Remembered Sets
[2022-05-03T14:02:13.922+0000][gc,marking    ] GC(2) Concurrent Rebuild Remembered Sets 3.356ms
[2022-05-03T14:02:13.922+0000][gc,start      ] GC(2) Pause Cleanup
[2022-05-03T14:02:13.923+0000][gc            ] GC(2) Pause Cleanup 8M->8M(1024M) 0.317ms
[2022-05-03T14:02:13.923+0000][gc,cpu        ] GC(2) User=0.00s Sys=0.00s Real=0.00s
[2022-05-03T14:02:13.923+0000][gc,marking    ] GC(2) Concurrent Cleanup for Next Mark
[2022-05-03T14:02:13.927+0000][gc,marking    ] GC(2) Concurrent Cleanup for Next Mark 4.302ms
[2022-05-03T14:02:13.927+0000][gc            ] GC(2) Concurrent Cycle 18.696ms
[2022-05-03T14:02:14.773+0000][gc,start      ] GC(3) Pause Young (Normal) (G1 Evacuation Pause)
[2022-05-03T14:02:14.773+0000][gc,task       ] GC(3) Using 13 workers of 13 for evacuation
[2022-05-03T14:02:14.776+0000][gc,phases     ] GC(3)   Pre Evacuate Collection Set: 0.0ms
[2022-05-03T14:02:14.776+0000][gc,phases     ] GC(3)   Evacuate Collection Set: 2.4ms
[2022-05-03T14:02:14.776+0000][gc,phases     ] GC(3)   Post Evacuate Collection Set: 0.6ms
[2022-05-03T14:02:14.776+0000][gc,phases     ] GC(3)   Other: 0.2ms
[2022-05-03T14:02:14.776+0000][gc,heap       ] GC(3) Eden regions: 49->0(46)
[2022-05-03T14:02:14.776+0000][gc,heap       ] GC(3) Survivor regions: 2->5(7)
[2022-05-03T14:02:14.776+0000][gc,heap       ] GC(3) Old regions: 9->9
[2022-05-03T14:02:14.776+0000][gc,heap       ] GC(3) Humongous regions: 129->129
[2022-05-03T14:02:14.776+0000][gc,metaspace  ] GC(3) Metaspace: 29196K->29196K(1075200K)
[2022-05-03T14:02:14.776+0000][gc            ] GC(3) Pause Young (Normal) (G1 Evacuation Pause) 186M->140M(1024M) 3.317ms
[2022-05-03T14:02:14.776+0000][gc,cpu        ] GC(3) User=0.03s Sys=0.00s Real=0.00s
[2022-05-03T14:02:15.192+0000][gc,start      ] GC(4) Pause Young (Concurrent Start) (Metadata GC Threshold)
[2022-05-03T14:02:15.192+0000][gc,task       ] GC(4) Using 13 workers of 13 for evacuation
[2022-05-03T14:02:15.202+0000][gc,phases     ] GC(4)   Pre Evacuate Collection Set: 0.1ms
[2022-05-03T14:02:15.202+0000][gc,phases     ] GC(4)   Evacuate Collection Set: 9.4ms
[2022-05-03T14:02:15.202+0000][gc,phases     ] GC(4)   Post Evacuate Collection Set: 0.6ms
[2022-05-03T14:02:15.202+0000][gc,phases     ] GC(4)   Other: 0.3ms
[2022-05-03T14:02:15.202+0000][gc,heap       ] GC(4) Eden regions: 25->0(49)
[2022-05-03T14:02:15.202+0000][gc,heap       ] GC(4) Survivor regions: 5->2(7)
[2022-05-03T14:02:15.202+0000][gc,heap       ] GC(4) Old regions: 9->13
[2022-05-03T14:02:15.202+0000][gc,heap       ] GC(4) Humongous regions: 129->129
[2022-05-03T14:02:15.202+0000][gc,metaspace  ] GC(4) Metaspace: 34405K->34405K(1081344K)
[2022-05-03T14:02:15.202+0000][gc            ] GC(4) Pause Young (Concurrent Start) (Metadata GC Threshold) 165M->142M(1024M) 10.626ms
[2022-05-03T14:02:15.202+0000][gc,cpu        ] GC(4) User=0.04s Sys=0.00s Real=0.01s
[2022-05-03T14:02:15.203+0000][gc            ] GC(5) Concurrent Cycle
[2022-05-03T14:02:15.203+0000][gc,marking    ] GC(5) Concurrent Clear Claimed Marks
[2022-05-03T14:02:15.203+0000][gc,marking    ] GC(5) Concurrent Clear Claimed Marks 0.047ms
[2022-05-03T14:02:15.203+0000][gc,marking    ] GC(5) Concurrent Scan Root Regions
[2022-05-03T14:02:15.204+0000][gc,marking    ] GC(5) Concurrent Scan Root Regions 1.248ms
[2022-05-03T14:02:15.204+0000][gc,marking    ] GC(5) Concurrent Mark (3.629s)
[2022-05-03T14:02:15.204+0000][gc,marking    ] GC(5) Concurrent Mark From Roots
[2022-05-03T14:02:15.204+0000][gc,task       ] GC(5) Using 3 workers of 3 for marking
[2022-05-03T14:02:15.215+0000][gc,marking    ] GC(5) Concurrent Mark From Roots 10.645ms
[2022-05-03T14:02:15.215+0000][gc,marking    ] GC(5) Concurrent Preclean
[2022-05-03T14:02:15.215+0000][gc,marking    ] GC(5) Concurrent Preclean 0.271ms
[2022-05-03T14:02:15.215+0000][gc,marking    ] GC(5) Concurrent Mark (3.629s, 3.640s) 11.006ms
[2022-05-03T14:02:15.215+0000][gc,start      ] GC(5) Pause Remark
[2022-05-03T14:02:15.218+0000][gc,stringtable] GC(5) Cleaned string and symbol table, strings: 10246 processed, 10 removed, symbols: 82939 processed, 16 removed
[2022-05-03T14:02:15.218+0000][gc            ] GC(5) Pause Remark 142M->142M(1024M) 2.760ms
[2022-05-03T14:02:15.218+0000][gc,cpu        ] GC(5) User=0.02s Sys=0.00s Real=0.00s
[2022-05-03T14:02:15.218+0000][gc,marking    ] GC(5) Concurrent Rebuild Remembered Sets
[2022-05-03T14:02:15.225+0000][gc,marking    ] GC(5) Concurrent Rebuild Remembered Sets 6.860ms
[2022-05-03T14:02:15.225+0000][gc,start      ] GC(5) Pause Cleanup
[2022-05-03T14:02:15.225+0000][gc            ] GC(5) Pause Cleanup 143M->143M(1024M) 0.301ms
[2022-05-03T14:02:15.225+0000][gc,cpu        ] GC(5) User=0.01s Sys=0.00s Real=0.00s
[2022-05-03T14:02:15.225+0000][gc,marking    ] GC(5) Concurrent Cleanup for Next Mark
[2022-05-03T14:02:15.230+0000][gc,marking    ] GC(5) Concurrent Cleanup for Next Mark 4.936ms
[2022-05-03T14:02:15.230+0000][gc            ] GC(5) Concurrent Cycle 27.923ms
[2022-05-04T08:31:38.762+0000][gc,start      ] GC(6) Pause Young (Normal) (G1 Evacuation Pause)
[2022-05-04T08:31:38.762+0000][gc,task       ] GC(6) Using 13 workers of 13 for evacuation
[2022-05-04T08:31:38.767+0000][gc,phases     ] GC(6)   Pre Evacuate Collection Set: 0.1ms
[2022-05-04T08:31:38.767+0000][gc,phases     ] GC(6)   Evacuate Collection Set: 3.1ms
[2022-05-04T08:31:38.767+0000][gc,phases     ] GC(6)   Post Evacuate Collection Set: 1.2ms
[2022-05-04T08:31:38.767+0000][gc,phases     ] GC(6)   Other: 0.4ms
[2022-05-04T08:31:38.767+0000][gc,heap       ] GC(6) Eden regions: 49->0(49)
[2022-05-04T08:31:38.767+0000][gc,heap       ] GC(6) Survivor regions: 2->2(7)
[2022-05-04T08:31:38.767+0000][gc,heap       ] GC(6) Old regions: 13->13
[2022-05-04T08:31:38.767+0000][gc,heap       ] GC(6) Humongous regions: 129->129
[2022-05-04T08:31:38.767+0000][gc,metaspace  ] GC(6) Metaspace: 36944K->36944K(1083392K)
[2022-05-04T08:31:38.767+0000][gc            ] GC(6) Pause Young (Normal) (G1 Evacuation Pause) 191M->142M(1024M) 5.025ms
[2022-05-04T08:31:38.767+0000][gc,cpu        ] GC(6) User=0.04s Sys=0.00s Real=0.00s
