[2022-05-02T11:51:32.402+0200][gc,heap] Heap region size: 1M
[2022-05-02T11:51:32.409+0200][gc     ] Using G1
[2022-05-02T11:51:32.409+0200][gc,heap,coops] Heap address: 0x00000000e0000000, size: 512 MB, Compressed Oops mode: 32-bit
[2022-05-02T11:51:32.410+0200][gc,cds       ] Mark closed archive regions in map: [0x00000000ffe00000, 0x00000000ffe6aff8]
[2022-05-02T11:51:32.410+0200][gc,cds       ] Mark open archive regions in map: [0x00000000ffc00000, 0x00000000ffc46ff8]
[2022-05-02T11:51:34.001+0200][gc,start     ] GC(0) Pause Young (Normal) (G1 Evacuation Pause)
[2022-05-02T11:51:34.003+0200][gc,task      ] GC(0) Using 12 workers of 13 for evacuation
[2022-05-02T11:51:34.015+0200][gc,phases    ] GC(0)   Pre Evacuate Collection Set: 0,0ms
[2022-05-02T11:51:34.015+0200][gc,phases    ] GC(0)   Evacuate Collection Set: 11,1ms
[2022-05-02T11:51:34.015+0200][gc,phases    ] GC(0)   Post Evacuate Collection Set: 0,8ms
[2022-05-02T11:51:34.016+0200][gc,phases    ] GC(0)   Other: 2,3ms
[2022-05-02T11:51:34.016+0200][gc,heap      ] GC(0) Eden regions: 25->0(21)
[2022-05-02T11:51:34.016+0200][gc,heap      ] GC(0) Survivor regions: 0->4(4)
[2022-05-02T11:51:34.016+0200][gc,heap      ] GC(0) Old regions: 2->6
[2022-05-02T11:51:34.016+0200][gc,heap      ] GC(0) Humongous regions: 0->0
[2022-05-02T11:51:34.016+0200][gc,metaspace ] GC(0) Metaspace: 7792K->7792K(1056768K)
[2022-05-02T11:51:34.016+0200][gc           ] GC(0) Pause Young (Normal) (G1 Evacuation Pause) 25M->7M(512M) 14,398ms
[2022-05-02T11:51:34.016+0200][gc,cpu       ] GC(0) User=0,14s Sys=0,01s Real=0,01s
